// 重构日志: e531ceea
// 重构日志: 3c209f1a
// 重构日志: 37dee2d8
// 重构日志: c3b6ceb9
// 重构日志: c2fa21d5
// 同步 ID: 67e127d2 @ Fri Jul 24 17:56:57 UTC 2026
// 重构日志: 2001ed4c
// 重构日志: 3ed51b77
// 重构日志: 229d1c2b
// 重构日志: 15007839
// 重构日志: 7172b52d
// 重构日志: d450790e
// 同步 ID: 9a6faca3 @ Sun Jul 26 21:16:52 UTC 2026
// 同步 ID: 885dbc2a @ Mon Jul 27 01:14:50 UTC 2026
// 重构日志: 49261c75
// 重构日志: 7e919272
// 同步 ID: 2f6d0aeb @ Fri Jul 31 02:03:12 UTC 2026
// 重构日志: c070d3fe
// 同步 ID: 086f9748 @ Sat Aug  1 16:29:52 UTC 2026
// 同步 ID: e023e8ff @ Sun Aug  2 11:58:12 UTC 2026
// 重构日志: 91d5957b
// 重构日志: e8601c98
// 重构日志: 4649d30b
// 重构日志: 024090ea
// 同步 ID: e6e94304 @ Tue Aug  4 15:55:06 UTC 2026
// 重构日志: 7956ece8
// 重构日志: 1fb1b279
// 重构日志: 5633d6b5
// 同步 ID: c82df866 @ Thu Aug  6 00:54:11 UTC 2026
// 同步 ID: 687473b9 @ Thu Aug  6 05:16:35 UTC 2026
// 重构日志: 985da7b2
// 重构日志: e1d34dc7
// 重构日志: d98cf847
// 重构日志: da1500a3
// 重构日志: a5414fa3
